// Jest Snapshot v1, https://goo.gl/fbAQLP

exports[`should start with state at 0 1`] = `ShallowWrapper {}`;
